  CANONICAL     M: B0 0.6903  C 0.6972  B 0.6946  A 0.6904  V2 0.6929  V2E 0.6915
  resplit_121   M: B0 0.6738  C 0.6887  B 0.6771  A 0.6773  V2 0.6831  V2E 0.6823
  resplit_132   M: B0 0.6540  C 0.6750  B 0.6676  A 0.6536  V2 0.6682  V2E 0.6659
  resplit_143   M: B0 0.6722  C 0.6854  B 0.6838  A 0.6734  V2 0.6828  V2E 0.6803
  resplit_154   M: B0 0.6730  C 0.6847  B 0.6811  A 0.6746  V2 0.6822  V2E 0.6809
  resplit_165   M: B0 0.6793  C 0.7009  B 0.6909  A 0.6787  V2 0.6901  V2E 0.6878
  resplit_176   M: B0 0.6743  C 0.6871  B 0.6829  A 0.6699  V2 0.6817  V2E 0.6822
  resplit_187   M: B0 0.6650  C 0.6891  B 0.6805  A 0.6636  V2 0.6829  V2E 0.6804
  resplit_198   M: B0 0.6771  C 0.7001  B 0.6880  A 0.6825  V2 0.6929  V2E 0.6922
  resplit_209   M: B0 0.6700  C 0.6876  B 0.6806  A 0.6683  V2 0.6810  V2E 0.6781
  resplit_220   M: B0 0.6706  C 0.6926  B 0.6871  A 0.6678  V2 0.6877  V2E 0.6868
{
  "label": "EXPLORATORY NO SUPPORT",
  "D1": true,
  "D2": true,
  "L": false,
  "fresh_dM": [
    0.0085,
    0.0119,
    0.0081,
    0.0079,
    0.0085,
    0.0079,
    0.0154,
    0.0151,
    0.0081,
    0.0162
  ],
  "fresh_mean_dM": 0.0108,
  "fresh_positive": 10,
  "fresh_mean_per_horizon_delta": {
    "0m": 0.0132,
    "10m": 0.01,
    "20m": 0.011,
    "30m": 0.0087
  },
  "lead_canonical": {
    "d_ge20": -0.08420000000000005,
    "d_median_lead": -2.5,
    "d_sens": 0.0,
    "d_far": -0.03200000000000003,
    "ok": false
  },
  "lead_fresh_mean": {
    "d_ge20": -0.04396000000000001,
    "d_median_lead": -1.0,
    "d_sens": -0.013639999999999996,
    "d_far": -0.04919999999999999,
    "ok": false
  },
  "E_component_works": false,
  "E_canonical": {
    "slope": 1.306,
    "d_brier_vs_V2": -0.006099999999999994,
    "d_auc_vs_V2": -0.0013999999999999568,
    "ok": false
  },
  "E_fresh_mean": {
    "slope": 1.2863,
    "d_brier_vs_V2": -0.0052299999999999985,
    "d_auc_vs_V2": -0.0015599999999999948,
    "ok": false
  },
  "canonical": {
    "dM": 0.0012,
    "dM_p": 0.831,
    "dM_ci_lo": -0.0092,
    "dM_ci_hi": 0.0114,
    "d0": 0.0041,
    "p0": 0.549,
    "d10": -0.0004,
    "p10": 0.922,
    "d20": -0.0007,
    "p20": 0.911,
    "d30": 0.0017,
    "p30": 0.785
  },
  "fresh_pooled_p": 0.006
}
