  C1  CANONICAL    dM=-0.0021 (p=0.674)  M 0.6671->0.6650  PRS-only M 0.6390->0.6424  chosen: ['tau=20', 'tau=20', 'tau=40', 'tau=40', 'tau=20']
  C1  resplit_11   dM=+0.0005 (p=0.904)  M 0.6634->0.6639  PRS-only M 0.6384->0.6405  chosen: ['tau=20', 'tau=20', 'tau=40', 'tau=20', 'tau=20']
  C1  resplit_22   dM=-0.0025 (p=0.638)  M 0.6618->0.6593  PRS-only M 0.6263->0.6305  chosen: ['tau=20', 'tau=20', 'tau=20', 'tau=20', 'tau=20']
  C1  resplit_33   dM=+0.0027 (p=0.636)  M 0.6535->0.6563  PRS-only M 0.6222->0.6297  chosen: ['tau=20', 'tau=20', 'tau=20', 'tau=20', 'tau=40']
  C1  resplit_44   dM=+0.0058 (p=0.311)  M 0.6489->0.6547  PRS-only M 0.6299->0.6401  chosen: ['tau=20', 'tau=20', 'tau=20', 'tau=20', 'tau=20']
  C1  resplit_55   dM=+0.0010 (p=0.787)  M 0.6509->0.6520  PRS-only M 0.6223->0.6261  chosen: ['tau=20', 'tau=20', 'tau=40', 'tau=20', 'tau=20']
  C2  CANONICAL    dM=+0.0047 (p=0.716)  M 0.6671->0.6718  PRS-only M 0.6390->0.6412  chosen: ['C=0.01', 'C=0.01', 'C=0.01', 'C=0.01', 'C=0.01']
  C2  resplit_11   dM=+0.0149 (p=0.183)  M 0.6634->0.6784  PRS-only M 0.6384->0.6413  chosen: ['C=0.01', 'C=0.01', 'C=0.01', 'C=0.01', 'C=0.01']
  C2  resplit_22   dM=+0.0002 (p=0.957)  M 0.6618->0.6620  PRS-only M 0.6263->0.6331  chosen: ['C=0.01', 'C=0.01', 'C=0.01', 'C=0.01', 'C=0.01']
  C2  resplit_33   dM=+0.0022 (p=0.851)  M 0.6535->0.6558  PRS-only M 0.6222->0.6183  chosen: ['C=0.01', 'C=0.01', 'C=0.01', 'C=0.01', 'C=0.01']
  C2  resplit_44   dM=-0.0023 (p=0.850)  M 0.6489->0.6466  PRS-only M 0.6299->0.6301  chosen: ['C=0.01', 'C=0.01', 'C=0.01', 'C=0.01', 'C=0.01']
  C2  resplit_55   dM=+0.0008 (p=0.927)  M 0.6509->0.6518  PRS-only M 0.6223->0.6253  chosen: ['C=0.01', 'C=0.01', 'C=0.01', 'C=0.01', 'C=0.01']
  C3  CANONICAL    dM=+0.0008 (p=0.902)  M 0.6671->0.6679  PRS-only M 0.6390->0.6481  chosen: ['LR+HGB', 'LR+HGB', 'HGB', 'HGB', 'LR+HGB']
  C3  resplit_11   dM=+0.0039 (p=0.604)  M 0.6634->0.6673  PRS-only M 0.6384->0.6515  chosen: ['LR+HGB', 'HGB', 'LR+HGB', 'LR+HGB', 'EN l1=0.3 C=0.2']
  C3  resplit_22   dM=+0.0071 (p=0.510)  M 0.6618->0.6689  PRS-only M 0.6263->0.6190  chosen: ['LR+HGB', 'HGB', 'LR+HGB', 'LR+HGB', 'HGB']
  C3  resplit_33   dM=+0.0196 (p=0.037)  M 0.6535->0.6731  PRS-only M 0.6222->0.6378  chosen: ['LR+HGB', 'LR+HGB', 'HGB', 'HGB', 'EN l1=0.7 C=0.05']
  C3  resplit_44   dM=+0.0094 (p=0.149)  M 0.6489->0.6583  PRS-only M 0.6299->0.6501  chosen: ['LR+HGB', 'LR+HGB', 'LR+HGB', 'LR+HGB', 'LR+HGB']
  C3  resplit_55   dM=-0.0246 (p=0.047)  M 0.6509->0.6263  PRS-only M 0.6223->0.6356  chosen: ['LR+HGB', 'EN l1=0.7 C=0.05', 'HGB', 'HGB', 'LR+HGB']
  C5a CANONICAL    dM=-0.0020 (p=0.604)  M 0.6671->0.6651  PRS-only M 0.6390->0.6354  chosen: ['C=0.01', 'C=0.01', 'C=0.01', 'C=0.01', 'C=0.01']
  C5a resplit_11   dM=-0.0091 (p=0.019)  M 0.6634->0.6544  PRS-only M 0.6384->0.6262  chosen: ['C=0.01', 'C=0.01', 'C=0.2', 'C=0.01', 'C=0.2']
  C5a resplit_22   dM=+0.0018 (p=0.595)  M 0.6618->0.6635  PRS-only M 0.6263->0.6244  chosen: ['C=0.01', 'C=0.01', 'C=0.01', 'C=0.01', 'C=0.2']
  C5a resplit_33   dM=+0.0028 (p=0.464)  M 0.6535->0.6563  PRS-only M 0.6222->0.6219  chosen: ['C=0.01', 'C=0.01', 'C=0.01', 'C=0.01', 'C=0.01']
  C5a resplit_44   dM=+0.0090 (p=0.103)  M 0.6489->0.6579  PRS-only M 0.6299->0.6272  chosen: ['C=0.2', 'C=0.01', 'C=0.01', 'C=0.01', 'C=0.01']
  C5a resplit_55   dM=-0.0005 (p=0.923)  M 0.6509->0.6504  PRS-only M 0.6223->0.6213  chosen: ['C=0.01', 'C=0.01', 'C=0.01', 'C=0.01', 'C=0.01']
  C5b CANONICAL    dM=-0.0086 (p=0.286)  M 0.6671->0.6585  PRS-only M 0.6390->0.6369  chosen: ['C=0.01', 'C=0.01', 'C=0.01', 'C=0.01', 'C=0.01']
  C5b resplit_11   dM=-0.0080 (p=0.241)  M 0.6634->0.6554  PRS-only M 0.6384->0.6394  chosen: ['C=0.01', 'C=0.01', 'C=0.01', 'C=0.01', 'C=0.01']
  C5b resplit_22   dM=-0.0029 (p=0.762)  M 0.6618->0.6588  PRS-only M 0.6263->0.6326  chosen: ['C=0.01', 'C=0.01', 'C=0.01', 'C=0.01', 'C=0.01']
  C5b resplit_33   dM=-0.0099 (p=0.237)  M 0.6535->0.6437  PRS-only M 0.6222->0.6206  chosen: ['C=0.01', 'C=0.01', 'C=0.01', 'C=0.01', 'C=0.01']
  C5b resplit_44   dM=+0.0015 (p=0.839)  M 0.6489->0.6503  PRS-only M 0.6299->0.6288  chosen: ['C=0.01', 'C=0.01', 'C=0.01', 'C=0.01', 'C=0.01']
  C5b resplit_55   dM=-0.0018 (p=0.818)  M 0.6509->0.6491  PRS-only M 0.6223->0.6219  chosen: ['C=0.01', 'C=0.01', 'C=0.01', 'C=0.01', 'C=0.01']
  C5c CANONICAL    dM=+0.0017 (p=0.730)  M 0.6671->0.6688  PRS-only M 0.6390->0.6460  chosen: ['C=0.01', 'C=0.01', 'C=0.01', 'C=0.01', 'C=0.01']
  C5c resplit_11   dM=-0.0016 (p=0.687)  M 0.6634->0.6619  PRS-only M 0.6384->0.6416  chosen: ['C=0.01', 'C=0.01', 'C=0.01', 'C=0.01', 'C=0.2']
  C5c resplit_22   dM=+0.0078 (p=0.185)  M 0.6618->0.6696  PRS-only M 0.6263->0.6298  chosen: ['C=0.01', 'C=0.01', 'C=0.01', 'C=0.01', 'C=0.01']
  C5c resplit_33   dM=+0.0064 (p=0.311)  M 0.6535->0.6599  PRS-only M 0.6222->0.6303  chosen: ['C=0.01', 'C=0.01', 'C=0.01', 'C=0.01', 'C=0.01']
  C5c resplit_44   dM=+0.0141 (p=0.014)  M 0.6489->0.6630  PRS-only M 0.6299->0.6361  chosen: ['C=0.01', 'C=0.01', 'C=0.01', 'C=0.01', 'C=0.01']
  C5c resplit_55   dM=-0.0022 (p=0.677)  M 0.6509->0.6487  PRS-only M 0.6223->0.6241  chosen: ['C=0.01', 'C=0.01', 'C=0.01', 'C=0.01', 'C=0.01']
  C1: NOT SUPPORTED  dM=-0.0021 p=0.674 holm=1.0 resplits+=4/5
  C2: SUGGESTIVE  dM=+0.0047 p=0.716 holm=1.0 resplits+=4/5
  C3: SUGGESTIVE  dM=+0.0008 p=0.902 holm=1.0 resplits+=4/5
  C5a: NOT SUPPORTED  dM=-0.0020 p=0.604 holm=1.0 resplits+=3/5
  C5b: NOT SUPPORTED  dM=-0.0086 p=0.286 holm=1.0 resplits+=1/5
  C5c: NOT SUPPORTED  dM=+0.0017 p=0.73 holm=1.0 resplits+=3/5
